CLOGX_0_2 {
  global:
    clog_clear_trace_context;
    clog_get_trace_context;
    clog_prometheus_exporter_is_running;
    clog_prometheus_exporter_start;
    clog_prometheus_exporter_stop;
    clog_prometheus_render_metrics;
    clog_set_trace_context;
    clog_set_trace_context_hex;
    console_sink_create;
    console_sink_create_stderr;
    console_sink_is_color_enabled;
    custom_sink_create;
    custom_sink_get_private_data;
    file_sink_create;
    log_add_sink;
    log_clear_thread_context;
    log_config_color_enabled;
    log_config_get;
    log_config_init;
    log_config_is_async;
    log_config_load_into;
    log_config_reload;
    log_config_set;
    log_destroy;
    log_flush;
    logger_add_sink;
    logger_config_get;
    logger_config_set;
    logger_create;
    logger_create_from_config;
    logger_destroy;
    logger_flush;
    logger_get_level;
    logger_get_module;
    logger_get_stats;
    logger_reload;
    logger_remove_sink;
    logger_set_level;
    logger_set_module;
    logger_write_kv;
    logger_writevprintf;
    log_get_async_fallback_cb;
    log_get_level;
    log_get_module;
    log_get_pending_signal;
    log_get_signal_fd;
    log_get_stats;
    log_get_thread_context;
    log_init;
    log_install_signal_handlers;
    log_process_pending_signals;
    log_reload;
    log_remove_sink;
    log_set_async_fallback_cb;
    log_set_level;
    log_set_module;
    log_set_thread_context;
    log_signal_handler;
    log_strerror;
    log_write_kv;
    log_writevprintf;
    otlp_sink_create;
    socket_sink_create;
    socket_sink_create_async;
    socket_sink_create_async_ex;
    socket_sink_create_tls;
    syslog_sink_create;
  local:
    *;
};
